// Jest Snapshot v1, https://goo.gl/fbAQLP

exports[`Card component renders without crashing 1`] = `undefined`;
