// Jest Snapshot v1, https://goo.gl/fbAQLP

exports[`Card List renders without crashing 1`] = `undefined`;
