// Jest Snapshot v1, https://goo.gl/fbAQLP

exports[`Filter Bar component renders without crashing 1`] = `undefined`;
