// Jest Snapshot v1, https://goo.gl/fbAQLP

exports[`Searchfield component renders without crashing 1`] = `undefined`;
