// Jest Snapshot v1, https://goo.gl/fbAQLP

exports[`Side Menu component renders without crashing 1`] = `undefined`;
