// Jest Snapshot v1, https://goo.gl/fbAQLP

exports[`Sort Filter component renders without crashing 1`] = `undefined`;
